******************************************************************************
                  TI ARM Linker Unix v20.2.4                   
******************************************************************************
>> Linked Mon Sep 27 22:19:17 2021

OUTPUT FILE NAME:   <RTOS_MPU.out>
ENTRY POINT SYMBOL: "_c_int00_noinit_noargs"  address: 00001375


MEMORY CONFIGURATION

         name            origin    length      used     unused   attr    fill
----------------------  --------  ---------  --------  --------  ----  --------
  FLASH                 00000000   00040000  000013d0  0003ec30  R  X
  SRAM                  20000000   00008000  00000200  00007e00  RW X


SEGMENT ALLOCATION MAP

run origin  load origin   length   init length attrs members
----------  ----------- ---------- ----------- ----- -------
00000000    00000000    000013d0   000013d0    r-x
  00000000    00000000    0000026c   0000026c    r-- .intvecs
  0000026c    0000026c    00001164   00001164    r-x .text
20000000    20000000    00000200   00000000    rw-
  20000000    20000000    00000200   00000000    rw- .stack


SECTION ALLOCATION MAP

 output                                  attributes/
section   page    origin      length       input sections
--------  ----  ----------  ----------   ----------------
.intvecs   0    00000000    0000026c     
                  00000000    0000026c     tm4c123gh6pm_startup_ccs.obj (.intvecs)

.text      0    0000026c    00001164     
                  0000026c    00000818     gpio.obj (.text)
                  00000a84    00000364     shell_API.obj (.text)
                  00000de8    00000248     main.obj (.text)
                  00001030    00000164     uart0.obj (.text)
                  00001194    0000015c     syscalls.obj (.text)
                  000012f0    00000084     helperfunctions.obj (.text)
                  00001374    0000002c     rtsv7M4_T_le_v4SPD16_eabi.lib : boot_cortex_m.c.obj (.text:_c_int00_noinit_noargs:_c_int00_noinit_noargs)
                  000013a0    00000014     tm4c123gh6pm_startup_ccs.obj (.text)
                  000013b4    00000010     clock.obj (.text)
                  000013c4    00000004     rtsv7M4_T_le_v4SPD16_eabi.lib : pre_init.c.obj (.text:_system_pre_init)
                  000013c8    00000004                                   : exit.c.obj (.text:abort:abort)
                  000013cc    00000004     setPSP.obj (.text)

.cinit     0    00000000    00000000     UNINITIALIZED

.init_array 
*          0    00000000    00000000     UNINITIALIZED

.stack     0    20000000    00000200     UNINITIALIZED
                  20000000    00000004     rtsv7M4_T_le_v4SPD16_eabi.lib : boot_cortex_m.c.obj (.stack)
                  20000004    000001fc     --HOLE--

__llvm_prf_cnts 
*          0    20000000    00000000     UNINITIALIZED

MODULE SUMMARY

       Module                         code   ro data   rw data
       ------                         ----   -------   -------
    ./
       gpio.obj                       2072   0         0      
       shell_API.obj                  868    0         0      
       tm4c123gh6pm_startup_ccs.obj   20     620       0      
       main.obj                       584    0         0      
       uart0.obj                      356    0         0      
       syscalls.obj                   348    0         0      
       helperfunctions.obj            132    0         0      
       clock.obj                      16     0         0      
       setPSP.obj                     4      0         0      
    +--+------------------------------+------+---------+---------+
       Total:                         4400   620       0      
                                                              
    /home/abiria/ccstudio/ccs/tools/compiler/ti-cgt-arm_20.2.4.LTS/lib/rtsv7M4_T_le_v4SPD16_eabi.lib
       boot_cortex_m.c.obj            44     0         0      
       exit.c.obj                     4      0         0      
       pre_init.c.obj                 4      0         0      
    +--+------------------------------+------+---------+---------+
       Total:                         52     0         0      
                                                              
       Stack:                         0      0         512    
    +--+------------------------------+------+---------+---------+
       Grand Total:                   4452   620       512    


GLOBAL SYMBOLS: SORTED ALPHABETICALLY BY Name 

address   name                         
-------   ----                         
000013c9  C$$EXIT                      
000013a9  ResetISR                     
20000200  __STACK_END                  
00000200  __STACK_SIZE                 
20000200  __STACK_TOP                  
ffffffff  __TI_pprof_out_hndl          
ffffffff  __TI_prof_data_size          
ffffffff  __TI_prof_data_start         
00000000  __TI_static_base__           
ffffffff  __binit__                    
ffffffff  __c_args__                   
UNDEFED   __mpu_init                   
20000000  __stack                      
20000000  __start___llvm_prf_cnts      
20000000  __stop___llvm_prf_cnts       
00001375  _c_int00_noinit_noargs       
000013c5  _system_pre_init             
000013c9  abort                        
000012f1  binarySend                   
ffffffff  binit                        
000008d1  clearPinInterrupt            
00000a85  convertToLowerCase           
000008f5  disablePinInterrupt          
00000609  disablePinPulldown           
000005c1  disablePinPullup             
0000035f  disablePort                  
000008ad  enablePinInterrupt           
000005e5  enablePinPulldown            
00000595  enablePinPullup              
000002a3  enablePort                   
00000000  g_pfnVectors                 
00000b5f  getFieldInteger              
00000b29  getFieldString               
0000093f  getPinValue                  
000009f5  getPortValue                 
0000112d  getcUart0                    
00000aaf  getsUart0                    
000013b5  initSystemClockTo40Mhz       
00001031  initUart0                    
00000de9  inithw                       
00000bad  isCommand                    
00001141  kbhitUart0                   
00000f9b  main                         
00000bef  parseFields                  
000010e5  putcUart0                    
00001101  putsUart0                    
00001195  reboot                       
000004c9  selectPinAnalogInput         
0000047b  selectPinDigitalInput        
000007e3  selectPinInterruptBothEdges  
00000793  selectPinInterruptFallingEdge
00000839  selectPinInterruptHighLevel  
00000873  selectPinInterruptLowLevel   
00000743  selectPinInterruptRisingEdge 
0000042d  selectPinOpenDrainOutput     
000003df  selectPinPushPullOutput      
000013cd  setPSP                       
00000631  setPinAuxFunction            
00000519  setPinCommitControl          
00000919  setPinValue                  
00000979  setPortValue                 
000010b9  setUart0BaudRate             
00000e1d  shell                        
0000133f  str_cmp                      
000011bb  sys_ipcs                     
000011c5  sys_kill                     
000011dd  sys_pi                       
00001237  sys_pidof                    
000011f9  sys_preempt                  
000011b1  sys_ps                       
0000121b  sys_sched                    
00001249  sys_select                   
0000026d  turnOnLED                    


GLOBAL SYMBOLS: SORTED BY Symbol Address 

address   name                         
-------   ----                         
00000000  __TI_static_base__           
00000000  g_pfnVectors                 
00000200  __STACK_SIZE                 
0000026d  turnOnLED                    
000002a3  enablePort                   
0000035f  disablePort                  
000003df  selectPinPushPullOutput      
0000042d  selectPinOpenDrainOutput     
0000047b  selectPinDigitalInput        
000004c9  selectPinAnalogInput         
00000519  setPinCommitControl          
00000595  enablePinPullup              
000005c1  disablePinPullup             
000005e5  enablePinPulldown            
00000609  disablePinPulldown           
00000631  setPinAuxFunction            
00000743  selectPinInterruptRisingEdge 
00000793  selectPinInterruptFallingEdge
000007e3  selectPinInterruptBothEdges  
00000839  selectPinInterruptHighLevel  
00000873  selectPinInterruptLowLevel   
000008ad  enablePinInterrupt           
000008d1  clearPinInterrupt            
000008f5  disablePinInterrupt          
00000919  setPinValue                  
0000093f  getPinValue                  
00000979  setPortValue                 
000009f5  getPortValue                 
00000a85  convertToLowerCase           
00000aaf  getsUart0                    
00000b29  getFieldString               
00000b5f  getFieldInteger              
00000bad  isCommand                    
00000bef  parseFields                  
00000de9  inithw                       
00000e1d  shell                        
00000f9b  main                         
00001031  initUart0                    
000010b9  setUart0BaudRate             
000010e5  putcUart0                    
00001101  putsUart0                    
0000112d  getcUart0                    
00001141  kbhitUart0                   
00001195  reboot                       
000011b1  sys_ps                       
000011bb  sys_ipcs                     
000011c5  sys_kill                     
000011dd  sys_pi                       
000011f9  sys_preempt                  
0000121b  sys_sched                    
00001237  sys_pidof                    
00001249  sys_select                   
000012f1  binarySend                   
0000133f  str_cmp                      
00001375  _c_int00_noinit_noargs       
000013a9  ResetISR                     
000013b5  initSystemClockTo40Mhz       
000013c5  _system_pre_init             
000013c9  C$$EXIT                      
000013c9  abort                        
000013cd  setPSP                       
20000000  __stack                      
20000000  __start___llvm_prf_cnts      
20000000  __stop___llvm_prf_cnts       
20000200  __STACK_END                  
20000200  __STACK_TOP                  
ffffffff  __TI_pprof_out_hndl          
ffffffff  __TI_prof_data_size          
ffffffff  __TI_prof_data_start         
ffffffff  __binit__                    
ffffffff  __c_args__                   
ffffffff  binit                        
UNDEFED   __mpu_init                   

[73 symbols]
